warning: `#[track_caller]` on async functions is a no-op, unless the `closure_track_caller` feature is enabled
  --> $DIR/issue-104588-no-op-panic-track-caller.rs:48:16
   |
LL |   #[track_caller]
   |  ________________^
LL | | async fn bar_track_caller() {
   | |_
   |
   = note: `#[warn(ungated_async_fn_track_caller)]` on by default

warning: 1 warning emitted

