warning: `#[track_caller]` on async functions is a no-op
  --> $DIR/panic-track-caller.rs:50:1
   |
LL |   #[track_caller]
   |   ^^^^^^^^^^^^^^^ help: enable this unstable feature: `closure_track_caller`
LL | / async fn bar_track_caller() {
LL | |     panic!()
LL | | }
   | |_- this function will not propagate the caller location
   |
   = note: `#[warn(ungated_async_fn_track_caller)]` on by default

warning: 1 warning emitted

